--REQUEST--
{
  "body": "   {\n     \"url\": \"https://example2.com\",\n     \"intervalSec\": 60\n   }",
  "headers": {
    "Accept": [
      "*/*"
    ],
    "Accept-Encoding": [
      "gzip, deflate, br"
    ],
    "Connection": [
      "keep-alive"
    ],
    "Content-Length": [
      "68"
    ],
    "Content-Type": [
      "application/json"
    ],
    "Postman-Token": [
      "dd1e2dbf-6d8a-4945-8f69-8dfa1e0202d0"
    ],
    "User-Agent": [
      "PostmanRuntime/2.7.0"
    ]
  },
  "method": "POST",
  "path": "/targets",
  "time": "2026-09-26T23:19:15+03:00"
}
--RESPONSE--
{
  "body": {
    "id": "4",
    "url": "https://example2.com",
    "is_tracking": true,
    "interva_sec": 60,
    "created_at": "2026-09-26T23:19:15.158142+03:00",
    "updated_at": "2026-09-26T23:19:15.158142+03:00"
  },
  "duration_ms": 3,
  "headers": {
    "Content-Type": [
      "application/json"
    ]
  },
  "method": "POST",
  "path": "/targets",
  "size": 172,
  "status": 201
}
